// Jest Snapshot v1, https://goo.gl/fbAQLP

exports[`Title component matches snapshot 1`] = `
<div>
  <div>
    <h1>
      Sport Results
    </h1>
  </div>
</div>
`;
